client/src/components/ClerkUserProfile.tsx(67,25): error TS2322: Type 'unknown' is not assignable to type 'ReactNode'.
client/src/components/ClerkUserProfile.tsx(69,33): error TS2322: Type '{}' is not assignable to type 'ReactNode'.
client/src/components/DriverDeliveryTracker.tsx(131,52): error TS2339: Property 'projectName' does not exist on type '{ id: number; projectId: number; recipeId: number; batchId: number | null; ticketNumber: string | null; truckNumber: string | null; driverId: number | null; status: string; scheduledTime: Date; ... 8 more ...; updatedAt: Date; }'.
client/src/components/DriverDeliveryTracker.tsx(135,52): error TS2339: Property 'concreteType' does not exist on type '{ id: number; projectId: number; recipeId: number; batchId: number | null; ticketNumber: string | null; truckNumber: string | null; driverId: number | null; status: string; scheduledTime: Date; ... 8 more ...; updatedAt: Date; }'.
client/src/components/DriverDeliveryTracker.tsx(139,52): error TS2339: Property 'volume' does not exist on type '{ id: number; projectId: number; recipeId: number; batchId: number | null; ticketNumber: string | null; truckNumber: string | null; driverId: number | null; status: string; scheduledTime: Date; ... 8 more ...; updatedAt: Date; }'.
client/src/components/DriverDeliveryTracker.tsx(143,52): error TS2339: Property 'vehicleNumber' does not exist on type '{ id: number; projectId: number; recipeId: number; batchId: number | null; ticketNumber: string | null; truckNumber: string | null; driverId: number | null; status: string; scheduledTime: Date; ... 8 more ...; updatedAt: Date; }'.
client/src/components/DriverDeliveryTracker.tsx(278,17): error TS2339: Property 'deliveryPhotos' does not exist on type '{ id: number; projectId: number; recipeId: number; batchId: number | null; ticketNumber: string | null; truckNumber: string | null; driverId: number | null; status: string; scheduledTime: Date; ... 8 more ...; updatedAt: Date; }'.
client/src/components/DriverDeliveryTracker.tsx(278,55): error TS2339: Property 'deliveryPhotos' does not exist on type '{ id: number; projectId: number; recipeId: number; batchId: number | null; ticketNumber: string | null; truckNumber: string | null; driverId: number | null; status: string; scheduledTime: Date; ... 8 more ...; updatedAt: Date; }'.
client/src/components/DriverDeliveryTracker.tsx(285,36): error TS2339: Property 'deliveryPhotos' does not exist on type '{ id: number; projectId: number; recipeId: number; batchId: number | null; ticketNumber: string | null; truckNumber: string | null; driverId: number | null; status: string; scheduledTime: Date; ... 8 more ...; updatedAt: Date; }'.
client/src/components/ExportDialog.tsx(84,44): error TS2554: Expected 1 arguments, but got 2.
client/src/components/ExportDialog.tsx(93,40): error TS2554: Expected 1 arguments, but got 2.
client/src/components/ExportDialog.tsx(101,42): error TS2554: Expected 1 arguments, but got 2.
client/src/components/ExportDialog.tsx(135,38): error TS2554: Expected 1 arguments, but got 2.
client/src/components/ExportDialog.tsx(159,33): error TS2554: Expected 1 arguments, but got 2.
client/src/components/ExportDialog.tsx(169,40): error TS2554: Expected 1 arguments, but got 2.
client/src/components/ExportDialog.tsx(174,39): error TS2554: Expected 1 arguments, but got 2.
client/src/components/LiveDeliveryMap.tsx(96,63): error TS2339: Property 'projectName' does not exist on type '{ id: number; projectId: number; recipeId: number; batchId: number | null; ticketNumber: string | null; truckNumber: string | null; driverId: number | null; status: string; scheduledTime: Date; ... 8 more ...; updatedAt: Date; }'.
client/src/components/LiveDeliveryMap.tsx(100,35): error TS2339: Property 'concreteType' does not exist on type '{ id: number; projectId: number; recipeId: number; batchId: number | null; ticketNumber: string | null; truckNumber: string | null; driverId: number | null; status: string; scheduledTime: Date; ... 8 more ...; updatedAt: Date; }'.
client/src/components/LiveDeliveryMap.tsx(100,61): error TS2339: Property 'volume' does not exist on type '{ id: number; projectId: number; recipeId: number; batchId: number | null; ticketNumber: string | null; truckNumber: string | null; driverId: number | null; status: string; scheduledTime: Date; ... 8 more ...; updatedAt: Date; }'.
client/src/components/LiveDeliveryMap.tsx(111,59): error TS2339: Property 'driverName' does not exist on type '{ id: number; projectId: number; recipeId: number; batchId: number | null; ticketNumber: string | null; truckNumber: string | null; driverId: number | null; status: string; scheduledTime: Date; ... 8 more ...; updatedAt: Date; }'.
client/src/components/LiveDeliveryMap.tsx(115,59): error TS2339: Property 'vehicleNumber' does not exist on type '{ id: number; projectId: number; recipeId: number; batchId: number | null; ticketNumber: string | null; truckNumber: string | null; driverId: number | null; status: string; scheduledTime: Date; ... 8 more ...; updatedAt: Date; }'.
client/src/components/LiveDeliveryMap.tsx(142,29): error TS2339: Property 'driverNotes' does not exist on type '{ id: number; projectId: number; recipeId: number; batchId: number | null; ticketNumber: string | null; truckNumber: string | null; driverId: number | null; status: string; scheduledTime: Date; ... 8 more ...; updatedAt: Date; }'.
client/src/components/LiveDeliveryMap.tsx(145,67): error TS2339: Property 'driverNotes' does not exist on type '{ id: number; projectId: number; recipeId: number; batchId: number | null; ticketNumber: string | null; truckNumber: string | null; driverId: number | null; status: string; scheduledTime: Date; ... 8 more ...; updatedAt: Date; }'.
client/src/components/LiveDeliveryMap.tsx(150,29): error TS2339: Property 'deliveryPhotos' does not exist on type '{ id: number; projectId: number; recipeId: number; batchId: number | null; ticketNumber: string | null; truckNumber: string | null; driverId: number | null; status: string; scheduledTime: Date; ... 8 more ...; updatedAt: Date; }'.
client/src/components/LiveDeliveryMap.tsx(150,67): error TS2339: Property 'deliveryPhotos' does not exist on type '{ id: number; projectId: number; recipeId: number; batchId: number | null; ticketNumber: string | null; truckNumber: string | null; driverId: number | null; status: string; scheduledTime: Date; ... 8 more ...; updatedAt: Date; }'.
client/src/components/LiveDeliveryMap.tsx(154,46): error TS2339: Property 'deliveryPhotos' does not exist on type '{ id: number; projectId: number; recipeId: number; batchId: number | null; ticketNumber: string | null; truckNumber: string | null; driverId: number | null; status: string; scheduledTime: Date; ... 8 more ...; updatedAt: Date; }'.
client/src/components/LiveDeliveryMap.tsx(177,35): error TS2339: Property 'actualArrivalTime' does not exist on type '{ id: number; projectId: number; recipeId: number; batchId: number | null; ticketNumber: string | null; truckNumber: string | null; driverId: number | null; status: string; scheduledTime: Date; ... 8 more ...; updatedAt: Date; }'.
client/src/components/LiveDeliveryMap.tsx(178,70): error TS2339: Property 'actualArrivalTime' does not exist on type '{ id: number; projectId: number; recipeId: number; batchId: number | null; ticketNumber: string | null; truckNumber: string | null; driverId: number | null; status: string; scheduledTime: Date; ... 8 more ...; updatedAt: Date; }'.
client/src/components/LiveDeliveryMap.tsx(180,35): error TS2551: Property 'actualDeliveryTime' does not exist on type '{ id: number; projectId: number; recipeId: number; batchId: number | null; ticketNumber: string | null; truckNumber: string | null; driverId: number | null; status: string; scheduledTime: Date; ... 8 more ...; updatedAt: Date; }'. Did you mean 'deliveryTime'?
client/src/components/LiveDeliveryMap.tsx(181,76): error TS2551: Property 'actualDeliveryTime' does not exist on type '{ id: number; projectId: number; recipeId: number; batchId: number | null; ticketNumber: string | null; truckNumber: string | null; driverId: number | null; status: string; scheduledTime: Date; ... 8 more ...; updatedAt: Date; }'. Did you mean 'deliveryTime'?
client/src/components/LiveDeliveryMap.tsx(184,33): error TS2339: Property 'customerPhone' does not exist on type '{ id: number; projectId: number; recipeId: number; batchId: number | null; ticketNumber: string | null; truckNumber: string | null; driverId: number | null; status: string; scheduledTime: Date; ... 8 more ...; updatedAt: Date; }'.
client/src/components/LiveDeliveryMap.tsx(184,94): error TS2339: Property 'smsNotificationSent' does not exist on type '{ id: number; projectId: number; recipeId: number; batchId: number | null; ticketNumber: string | null; truckNumber: string | null; driverId: number | null; status: string; scheduledTime: Date; ... 8 more ...; updatedAt: Date; }'.
client/src/components/LiveDeliveryMap.tsx(190,129): error TS2339: Property 'projectName' does not exist on type '{ id: number; projectId: number; recipeId: number; batchId: number | null; ticketNumber: string | null; truckNumber: string | null; driverId: number | null; status: string; scheduledTime: Date; ... 8 more ...; updatedAt: Date; }'.
client/src/components/NotificationCenter.tsx(135,32): error TS2345: Argument of type '(notification: Notification) => React.JSX.Element' is not assignable to parameter of type '(value: { id: number; userId: number; title: string; message: string; type: string | null; status: string | null; sentAt: Date; }, index: number, array: { id: number; userId: number; title: string; message: string; type: string | null; status: string | null; sentAt: Date; }[]) => Element'.
  Types of parameters 'notification' and 'value' are incompatible.
    Type '{ id: number; userId: number; title: string; message: string; type: string | null; status: string | null; sentAt: Date; }' is missing the following properties from type 'Notification': taskId, createdAt
client/src/components/NotificationPreferences.tsx(35,35): error TS2339: Property 'emailEnabled' does not exist on type 'never'.
client/src/components/NotificationPreferences.tsx(36,33): error TS2339: Property 'smsEnabled' does not exist on type 'never'.
client/src/components/NotificationPreferences.tsx(37,35): error TS2339: Property 'inAppEnabled' does not exist on type 'never'.
client/src/components/NotificationPreferences.tsx(38,39): error TS2339: Property 'overdueReminders' does not exist on type 'never'.
client/src/components/NotificationPreferences.tsx(39,46): error TS2339: Property 'completionNotifications' does not exist on type 'never'.
client/src/components/NotificationPreferences.tsx(40,46): error TS2339: Property 'assignmentNotifications' does not exist on type 'never'.
client/src/components/NotificationPreferences.tsx(41,48): error TS2339: Property 'statusChangeNotifications' does not exist on type 'never'.
client/src/components/NotificationPreferences.tsx(42,38): error TS2339: Property 'quietHoursStart' does not exist on type 'never'.
client/src/components/NotificationPreferences.tsx(43,36): error TS2339: Property 'quietHoursEnd' does not exist on type 'never'.
client/src/components/NotificationPreferences.tsx(44,31): error TS2339: Property 'timezone' does not exist on type 'never'.
client/src/components/QCTrendsDashboard.tsx(27,16): error TS2339: Property 'type' does not exist on type 'never'.
client/src/components/QCTrendsDashboard.tsx(28,17): error TS2339: Property 'total' does not exist on type 'never'.
client/src/components/QCTrendsDashboard.tsx(146,67): error TS2339: Property 'testName' does not exist on type '{ id: number; deliveryId: number | null; projectId: number | null; testType: string; resultValue: string | null; status: string; testedBy: number | null; testedAt: Date; photos: string | null; ... 6 more ...; updatedAt: Date; }'.
client/src/components/QCTrendsDashboard.tsx(148,47): error TS2339: Property 'result' does not exist on type '{ id: number; deliveryId: number | null; projectId: number | null; testType: string; resultValue: string | null; status: string; testedBy: number | null; testedAt: Date; photos: string | null; ... 6 more ...; updatedAt: Date; }'.
client/src/components/QCTrendsDashboard.tsx(148,61): error TS2339: Property 'unit' does not exist on type '{ id: number; deliveryId: number | null; projectId: number | null; testType: string; resultValue: string | null; status: string; testedBy: number | null; testedAt: Date; photos: string | null; ... 6 more ...; updatedAt: Date; }'.
client/src/contexts/LanguageContext.tsx(32,15): error TS2339: Property 'languagePreference' does not exist on type '{ openId: string; name: string; email: string | null; image: string; loginMethod: string; }'.
client/src/contexts/LanguageContext.tsx(32,70): error TS2339: Property 'languagePreference' does not exist on type '{ openId: string; name: string; email: string | null; image: string; loginMethod: string; }'.
client/src/contexts/LanguageContext.tsx(33,29): error TS2339: Property 'languagePreference' does not exist on type '{ openId: string; name: string; email: string | null; image: string; loginMethod: string; }'.
client/src/contexts/LanguageContext.tsx(34,45): error TS2339: Property 'languagePreference' does not exist on type '{ openId: string; name: string; email: string | null; image: string; loginMethod: string; }'.
client/src/contexts/LanguageContext.tsx(42,13): error TS2339: Property 'languagePreference' does not exist on type '{ openId: string; name: string; email: string | null; image: string; loginMethod: string; }'.
client/src/contexts/LanguageContext.tsx(48,15): error TS2339: Property 'id' does not exist on type '{ openId: string; name: string; email: string | null; image: string; loginMethod: string; }'.
client/src/hooks/usePerformance.ts(14,41): error TS2339: Property 'renderTime' does not exist on type 'PerformanceEntry'.
client/src/hooks/usePerformance.ts(14,65): error TS2339: Property 'loadTime' does not exist on type 'PerformanceEntry'.
client/src/hooks/usePerformance.ts(115,16): error TS2339: Property 'gtag' does not exist on type 'Window & typeof globalThis'.
client/src/hooks/usePerformance.ts(116,14): error TS2339: Property 'gtag' does not exist on type 'Window & typeof globalThis'.
client/src/pages/AIAssistant.tsx(221,22): error TS2339: Property 'audioUrl' does not exist on type '{ id: number; conversationId: number; role: string; content: string; metadata: string | null; createdAt: Date; }'.
client/src/pages/AIAssistant.tsx(223,38): error TS2339: Property 'audioUrl' does not exist on type '{ id: number; conversationId: number; role: string; content: string; metadata: string | null; createdAt: Date; }'.
client/src/pages/Deliveries.tsx(194,65): error TS2339: Property 'projectName' does not exist on type '{ id: number; projectId: number; recipeId: number; batchId: number | null; ticketNumber: string | null; truckNumber: string | null; driverId: number | null; status: string; scheduledTime: Date; ... 8 more ...; updatedAt: Date; }'.
client/src/pages/Deliveries.tsx(204,37): error TS2339: Property 'volume' does not exist on type '{ id: number; projectId: number; recipeId: number; batchId: number | null; ticketNumber: string | null; truckNumber: string | null; driverId: number | null; status: string; scheduledTime: Date; ... 8 more ...; updatedAt: Date; }'.
client/src/pages/Deliveries.tsx(204,57): error TS2339: Property 'concreteType' does not exist on type '{ id: number; projectId: number; recipeId: number; batchId: number | null; ticketNumber: string | null; truckNumber: string | null; driverId: number | null; status: string; scheduledTime: Date; ... 8 more ...; updatedAt: Date; }'.
client/src/pages/Deliveries.tsx(210,37): error TS2339: Property 'driverName' does not exist on type '{ id: number; projectId: number; recipeId: number; batchId: number | null; ticketNumber: string | null; truckNumber: string | null; driverId: number | null; status: string; scheduledTime: Date; ... 8 more ...; updatedAt: Date; }'.
client/src/pages/Deliveries.tsx(212,49): error TS2339: Property 'driverName' does not exist on type '{ id: number; projectId: number; recipeId: number; batchId: number | null; ticketNumber: string | null; truckNumber: string | null; driverId: number | null; status: string; scheduledTime: Date; ... 8 more ...; updatedAt: Date; }'.
client/src/pages/Deliveries.tsx(215,37): error TS2339: Property 'vehicleNumber' does not exist on type '{ id: number; projectId: number; recipeId: number; batchId: number | null; ticketNumber: string | null; truckNumber: string | null; driverId: number | null; status: string; scheduledTime: Date; ... 8 more ...; updatedAt: Date; }'.
client/src/pages/Deliveries.tsx(217,50): error TS2339: Property 'vehicleNumber' does not exist on type '{ id: number; projectId: number; recipeId: number; batchId: number | null; ticketNumber: string | null; truckNumber: string | null; driverId: number | null; status: string; scheduledTime: Date; ... 8 more ...; updatedAt: Date; }'.
client/src/pages/Deliveries.tsx(250,25): error TS2739: Type '{ id: number; projectId: number; recipeId: number; batchId: number | null; ticketNumber: string | null; truckNumber: string | null; driverId: number | null; status: string; scheduledTime: Date; ... 8 more ...; updatedAt: Date; }' is missing the following properties from type '{ id: number; projectName: string; concreteType: string; volume: number; scheduledTime: Date; driverName?: string | null | undefined; vehicleNumber?: string | null | undefined; notes?: string | ... 1 more ... | undefined; status: string; }': projectName, concreteType, volume
client/src/pages/Documents.tsx(211,32): error TS2339: Property 'description' does not exist on type '{ id: number; name: string; type: string | null; url: string; projectId: number | null; uploadedBy: number | null; createdAt: Date; }'.
client/src/pages/Documents.tsx(215,44): error TS2339: Property 'category' does not exist on type '{ id: number; name: string; type: string | null; url: string; projectId: number | null; uploadedBy: number | null; createdAt: Date; }'.
client/src/pages/Documents.tsx(218,41): error TS2339: Property 'fileSize' does not exist on type '{ id: number; name: string; type: string | null; url: string; projectId: number | null; uploadedBy: number | null; createdAt: Date; }'.
client/src/pages/Documents.tsx(232,38): error TS2339: Property 'fileUrl' does not exist on type '{ id: number; name: string; type: string | null; url: string; projectId: number | null; uploadedBy: number | null; createdAt: Date; }'.
client/src/pages/DriverDeliveries.tsx(60,69): error TS2339: Property 'projectName' does not exist on type '{ id: number; projectId: number; recipeId: number; batchId: number | null; ticketNumber: string | null; truckNumber: string | null; driverId: number | null; status: string; scheduledTime: Date; ... 8 more ...; updatedAt: Date; }'.
client/src/pages/DriverDeliveries.tsx(66,67): error TS2339: Property 'concreteType' does not exist on type '{ id: number; projectId: number; recipeId: number; batchId: number | null; ticketNumber: string | null; truckNumber: string | null; driverId: number | null; status: string; scheduledTime: Date; ... 8 more ...; updatedAt: Date; }'.
client/src/pages/DriverDeliveries.tsx(70,67): error TS2339: Property 'volume' does not exist on type '{ id: number; projectId: number; recipeId: number; batchId: number | null; ticketNumber: string | null; truckNumber: string | null; driverId: number | null; status: string; scheduledTime: Date; ... 8 more ...; updatedAt: Date; }'.
client/src/pages/EmailBrandingSettings.tsx(28,27): error TS2339: Property 'logoUrl' does not exist on type 'never'.
client/src/pages/EmailBrandingSettings.tsx(29,32): error TS2339: Property 'primaryColor' does not exist on type 'never'.
client/src/pages/EmailBrandingSettings.tsx(30,34): error TS2339: Property 'secondaryColor' does not exist on type 'never'.
client/src/pages/EmailBrandingSettings.tsx(31,31): error TS2339: Property 'companyName' does not exist on type 'never'.
client/src/pages/EmailBrandingSettings.tsx(32,30): error TS2339: Property 'footerText' does not exist on type 'never'.
client/src/pages/EmailBrandingSettings.tsx(98,27): error TS2339: Property 'logoUrl' does not exist on type 'never'.
client/src/pages/EmailBrandingSettings.tsx(99,32): error TS2339: Property 'primaryColor' does not exist on type 'never'.
client/src/pages/EmailBrandingSettings.tsx(100,34): error TS2339: Property 'secondaryColor' does not exist on type 'never'.
client/src/pages/EmailBrandingSettings.tsx(101,31): error TS2339: Property 'companyName' does not exist on type 'never'.
client/src/pages/EmailBrandingSettings.tsx(102,30): error TS2339: Property 'footerText' does not exist on type 'never'.
client/src/pages/Employees.tsx(259,40): error TS2339: Property 'position' does not exist on type '{ id: number; userId: number | null; employeeNumber: string | null; firstName: string; lastName: string; jobTitle: string | null; department: string | null; hireDate: Date | null; hourlyRate: number | null; active: boolean; createdAt: Date; updatedAt: Date; }'.
client/src/pages/Employees.tsx(262,31): error TS2339: Property 'phoneNumber' does not exist on type '{ id: number; userId: number | null; employeeNumber: string | null; firstName: string; lastName: string; jobTitle: string | null; department: string | null; hireDate: Date | null; hourlyRate: number | null; active: boolean; createdAt: Date; updatedAt: Date; }'.
client/src/pages/Employees.tsx(262,61): error TS2339: Property 'phoneNumber' does not exist on type '{ id: number; userId: number | null; employeeNumber: string | null; firstName: string; lastName: string; jobTitle: string | null; department: string | null; hireDate: Date | null; hourlyRate: number | null; active: boolean; createdAt: Date; updatedAt: Date; }'.
client/src/pages/Employees.tsx(263,31): error TS2339: Property 'email' does not exist on type '{ id: number; userId: number | null; employeeNumber: string | null; firstName: string; lastName: string; jobTitle: string | null; department: string | null; hireDate: Date | null; hourlyRate: number | null; active: boolean; createdAt: Date; updatedAt: Date; }'.
client/src/pages/Employees.tsx(263,97): error TS2339: Property 'email' does not exist on type '{ id: number; userId: number | null; employeeNumber: string | null; firstName: string; lastName: string; jobTitle: string | null; department: string | null; hireDate: Date | null; hourlyRate: number | null; active: boolean; createdAt: Date; updatedAt: Date; }'.
client/src/pages/Employees.tsx(270,32): error TS2339: Property 'status' does not exist on type '{ id: number; userId: number | null; employeeNumber: string | null; firstName: string; lastName: string; jobTitle: string | null; department: string | null; hireDate: Date | null; hourlyRate: number | null; active: boolean; createdAt: Date; updatedAt: Date; }'.
client/src/pages/Employees.tsx(271,32): error TS2339: Property 'status' does not exist on type '{ id: number; userId: number | null; employeeNumber: string | null; firstName: string; lastName: string; jobTitle: string | null; department: string | null; hireDate: Date | null; hourlyRate: number | null; active: boolean; createdAt: Date; updatedAt: Date; }'.
client/src/pages/Employees.tsx(274,33): error TS2339: Property 'status' does not exist on type '{ id: number; userId: number | null; employeeNumber: string | null; firstName: string; lastName: string; jobTitle: string | null; department: string | null; hireDate: Date | null; hourlyRate: number | null; active: boolean; createdAt: Date; updatedAt: Date; }'.
client/src/pages/ForecastingDashboard.tsx(32,32): error TS2339: Property 'consumptionDate' does not exist on type 'never'.
client/src/pages/ForecastingDashboard.tsx(35,33): error TS2339: Property 'quantity' does not exist on type 'never'.
client/src/pages/ForecastingDashboard.tsx(37,39): error TS2339: Property 'quantity' does not exist on type 'never'.
client/src/pages/ForecastingDashboard.tsx(43,55): error TS2339: Property 'daysUntilStockout' does not exist on type 'never'.
client/src/pages/ForecastingDashboard.tsx(47,20): error TS2339: Property 'daysUntilStockout' does not exist on type 'never'.
client/src/pages/ForecastingDashboard.tsx(123,70): error TS2339: Property 'confidence' does not exist on type 'never'.
client/src/pages/ForecastingDashboard.tsx(164,83): error TS2339: Property 'materialId' does not exist on type 'never'.
client/src/pages/ForecastingDashboard.tsx(165,53): error TS2339: Property 'daysUntilStockout' does not exist on type 'never'.
client/src/pages/ForecastingDashboard.tsx(169,47): error TS2339: Property 'id' does not exist on type 'never'.
client/src/pages/ForecastingDashboard.tsx(170,73): error TS2339: Property 'materialName' does not exist on type 'never'.
client/src/pages/ForecastingDashboard.tsx(171,72): error TS2339: Property 'currentStock' does not exist on type 'never'.
client/src/pages/ForecastingDashboard.tsx(172,72): error TS2339: Property 'dailyConsumptionRate' does not exist on type 'never'.
client/src/pages/ForecastingDashboard.tsx(182,86): error TS2339: Property 'recommendedOrderQty' does not exist on type 'never'.
client/src/pages/ForecastingDashboard.tsx(184,68): error TS2339: Property 'confidence' does not exist on type 'never'.
client/src/pages/Machines.tsx(190,47): error TS2339: Property 'id' does not exist on type 'never'.
client/src/pages/Machines.tsx(190,63): error TS2339: Property 'id' does not exist on type 'never'.
client/src/pages/Machines.tsx(191,33): error TS2339: Property 'name' does not exist on type 'never'.
client/src/pages/Machines.tsx(320,63): error TS2339: Property 'machineNumber' does not exist on type '{ id: number; name: string; type: string | null; serialNumber: string | null; status: string | null; lastMaintenanceAt: Date | null; createdAt: Date; updatedAt: Date; }'.
client/src/pages/Machines.tsx(323,39): error TS2339: Property 'manufacturer' does not exist on type '{ id: number; name: string; type: string | null; serialNumber: string | null; status: string | null; lastMaintenanceAt: Date | null; createdAt: Date; updatedAt: Date; }'.
client/src/pages/Machines.tsx(324,39): error TS2339: Property 'totalWorkingHours' does not exist on type '{ id: number; name: string; type: string | null; serialNumber: string | null; status: string | null; lastMaintenanceAt: Date | null; createdAt: Date; updatedAt: Date; }'.
client/src/pages/NotificationTemplates.tsx(178,7): error TS2339: Property 'name' does not exist on type 'never'.
client/src/pages/NotificationTemplates.tsx(182,7): error TS2339: Property 'name' does not exist on type 'never'.
client/src/pages/NotificationTemplates.tsx(250,39): error TS2339: Property 'id' does not exist on type 'never'.
client/src/pages/NotificationTemplates.tsx(254,68): error TS2339: Property 'name' does not exist on type 'never'.
client/src/pages/NotificationTemplates.tsx(255,37): error TS2339: Property 'description' does not exist on type 'never'.
client/src/pages/NotificationTemplates.tsx(256,56): error TS2339: Property 'description' does not exist on type 'never'.
client/src/pages/NotificationTemplates.tsx(260,52): error TS2339: Property 'isActive' does not exist on type 'never'.
client/src/pages/NotificationTemplates.tsx(261,39): error TS2339: Property 'isActive' does not exist on type 'never'.
client/src/pages/NotificationTemplates.tsx(274,89): error TS2339: Property 'id' does not exist on type 'never'.
client/src/pages/NotificationTemplates.tsx(286,54): error TS2339: Property 'channels' does not exist on type 'never'.
client/src/pages/NotificationTemplates.tsx(286,75): error TS2339: Property 'channels' does not exist on type 'never'.
client/src/pages/NotificationTemplates.tsx(286,106): error TS2339: Property 'channels' does not exist on type 'never'.
client/src/pages/NotificationTemplates.tsx(295,79): error TS2339: Property 'subject' does not exist on type 'never'.
client/src/pages/NotificationTemplates.tsx(333,38): error TS2339: Property 'id' does not exist on type 'never'.
client/src/pages/NotificationTemplates.tsx(339,38): error TS2339: Property 'name' does not exist on type 'never'.
client/src/pages/NotificationTemplates.tsx(341,36): error TS2339: Property 'description' does not exist on type 'never'.
client/src/pages/NotificationTemplates.tsx(342,55): error TS2339: Property 'description' does not exist on type 'never'.
client/src/pages/NotificationTemplates.tsx(346,51): error TS2339: Property 'isActive' does not exist on type 'never'.
client/src/pages/NotificationTemplates.tsx(347,38): error TS2339: Property 'isActive' does not exist on type 'never'.
client/src/pages/NotificationTemplates.tsx(364,87): error TS2339: Property 'id' does not exist on type 'never'.
client/src/pages/NotificationTemplates.tsx(376,70): error TS2339: Property 'eventType' does not exist on type 'never'.
client/src/pages/NotificationTemplates.tsx(376,99): error TS2339: Property 'eventType' does not exist on type 'never'.
client/src/pages/NotificationTemplates.tsx(381,53): error TS2339: Property 'id' does not exist on type 'never'.
client/src/pages/NotificationTemplates.tsx(381,68): error TS2339: Property 'templateId' does not exist on type 'never'.
client/src/pages/NotificationTemplates.tsx(381,81): error TS2339: Property 'name' does not exist on type 'never'.
client/src/pages/NotificationTemplates.tsx(469,49): error TS2339: Property 'id' does not exist on type 'never'.
client/src/pages/NotificationTemplates.tsx(469,69): error TS2339: Property 'id' does not exist on type 'never'.
client/src/pages/NotificationTemplates.tsx(470,35): error TS2339: Property 'name' does not exist on type 'never'.
client/src/pages/PurchaseOrders.tsx(138,61): error TS2339: Property 'materialId' does not exist on type 'never'.
client/src/pages/PurchaseOrders.tsx(144,45): error TS2339: Property 'recommendedOrderQty' does not exist on type 'never'.
client/src/pages/PurchaseOrders.tsx(261,35): error TS2339: Property 'id' does not exist on type 'never'.
client/src/pages/PurchaseOrders.tsx(262,68): error TS2339: Property 'id' does not exist on type 'never'.
client/src/pages/PurchaseOrders.tsx(263,61): error TS2339: Property 'materialName' does not exist on type 'never'.
client/src/pages/PurchaseOrders.tsx(264,60): error TS2339: Property 'quantity' does not exist on type 'never'.
client/src/pages/PurchaseOrders.tsx(265,49): error TS2339: Property 'supplier' does not exist on type 'never'.
client/src/pages/PurchaseOrders.tsx(266,58): error TS2339: Property 'orderDate' does not exist on type 'never'.
client/src/pages/PurchaseOrders.tsx(268,31): error TS2339: Property 'expectedDelivery' does not exist on type 'never'.
client/src/pages/PurchaseOrders.tsx(268,62): error TS2339: Property 'expectedDelivery' does not exist on type 'never'.
client/src/pages/PurchaseOrders.tsx(271,63): error TS2339: Property 'status' does not exist on type 'never'.
client/src/pages/PurchaseOrders.tsx(272,47): error TS2339: Property 'status' does not exist on type 'never'.
client/src/pages/PurchaseOrders.tsx(273,33): error TS2339: Property 'status' does not exist on type 'never'.
client/src/pages/PurchaseOrders.tsx(278,33): error TS2339: Property 'status' does not exist on type 'never'.
client/src/pages/PurchaseOrders.tsx(282,73): error TS2339: Property 'id' does not exist on type 'never'.
client/src/pages/PurchaseOrders.tsx(287,33): error TS2339: Property 'status' does not exist on type 'never'.
client/src/pages/PurchaseOrders.tsx(287,61): error TS2339: Property 'supplierEmail' does not exist on type 'never'.
client/src/pages/PurchaseOrders.tsx(290,84): error TS2339: Property 'id' does not exist on type 'never'.
client/src/pages/PurchaseOrders.tsx(297,33): error TS2339: Property 'status' does not exist on type 'never'.
client/src/pages/PurchaseOrders.tsx(301,73): error TS2339: Property 'id' does not exist on type 'never'.
client/src/pages/QualityControl.tsx(190,61): error TS2339: Property 'testName' does not exist on type '{ id: number; deliveryId: number | null; projectId: number | null; testType: string; resultValue: string | null; status: string; testedBy: number | null; testedAt: Date; photos: string | null; ... 6 more ...; updatedAt: Date; }'.
client/src/pages/QualityControl.tsx(200,65): error TS2339: Property 'result' does not exist on type '{ id: number; deliveryId: number | null; projectId: number | null; testType: string; resultValue: string | null; status: string; testedBy: number | null; testedAt: Date; photos: string | null; ... 6 more ...; updatedAt: Date; }'.
client/src/pages/QualityControl.tsx(200,79): error TS2339: Property 'unit' does not exist on type '{ id: number; deliveryId: number | null; projectId: number | null; testType: string; resultValue: string | null; status: string; testedBy: number | null; testedAt: Date; photos: string | null; ... 6 more ...; updatedAt: Date; }'.
client/src/pages/QualityControl.tsx(212,31): error TS2339: Property 'notes' does not exist on type '{ id: number; deliveryId: number | null; projectId: number | null; testType: string; resultValue: string | null; status: string; testedBy: number | null; testedAt: Date; photos: string | null; ... 6 more ...; updatedAt: Date; }'.
client/src/pages/QualityControl.tsx(213,83): error TS2339: Property 'notes' does not exist on type '{ id: number; deliveryId: number | null; projectId: number | null; testType: string; resultValue: string | null; status: string; testedBy: number | null; testedAt: Date; photos: string | null; ... 6 more ...; updatedAt: Date; }'.
client/src/pages/QualityControl.tsx(218,46): error TS2739: Type '{ id: number; deliveryId: number | null; projectId: number | null; testType: string; resultValue: string | null; status: string; testedBy: number | null; testedAt: Date; photos: string | null; ... 6 more ...; updatedAt: Date; }' is missing the following properties from type '{ id: number; testName: string; testType: string; result: string; unit?: string | null | undefined; status: string; deliveryId?: number | null | undefined; projectId?: number | null | undefined; ... 7 more ...; createdAt: Date; }': testName, result
client/src/pages/Settings.tsx(14,56): error TS2339: Property 'phoneNumber' does not exist on type '{ openId: string; name: string; email: string | null; image: string; loginMethod: string; }'.
client/src/pages/Settings.tsx(15,54): error TS2339: Property 'smsNotificationsEnabled' does not exist on type '{ openId: string; name: string; email: string | null; image: string; loginMethod: string; }'.
client/src/pages/Timesheets.tsx(371,68): error TS2339: Property 'projectId' does not exist on type '{ id: number; employeeId: number; startTime: Date; endTime: Date | null; status: string; createdBy: number | null; notes: string | null; createdAt: Date; updatedAt: Date; }'.
client/src/pages/Timesheets.tsx(378,55): error TS2339: Property 'date' does not exist on type '{ id: number; employeeId: number; startTime: Date; endTime: Date | null; status: string; createdBy: number | null; notes: string | null; createdAt: Date; updatedAt: Date; }'.
client/src/pages/Timesheets.tsx(395,30): error TS2339: Property 'role' does not exist on type '{ openId: string; name: string; email: string | null; image: string; loginMethod: string; }'.
client/src/pages/Timesheets.tsx(400,67): error TS2345: Argument of type '{ id: number; }' is not assignable to parameter of type '{ id: number; approvedBy: number; }'.
  Property 'approvedBy' is missing in type '{ id: number; }' but required in type '{ id: number; approvedBy: number; }'.
client/src/pages/TimesheetSummary.tsx(172,30): error TS2339: Property 'map' does not exist on type '{ weekStart: Date; weekEnd: Date; employeeId: number; totalShifts: number; totalHours: number; shifts: { id: number; employeeId: number; startTime: Date; endTime: Date | null; ... 4 more ...; updatedAt: Date; }[]; } | { ...; } | { ...; } | { ...; }'.
  Property 'map' does not exist on type '{ weekStart: Date; weekEnd: Date; employeeId: number; totalShifts: number; totalHours: number; shifts: { id: number; employeeId: number; startTime: Date; endTime: Date | null; ... 4 more ...; updatedAt: Date; }[]; }'.
client/src/pages/TimesheetSummary.tsx(172,34): error TS7006: Parameter 'row' implicitly has an 'any' type.
client/src/pages/TimesheetSummary.tsx(195,44): error TS2339: Property 'length' does not exist on type '{ weekStart: Date; weekEnd: Date; employeeId: number; totalShifts: number; totalHours: number; shifts: { id: number; employeeId: number; startTime: Date; endTime: Date | null; ... 4 more ...; updatedAt: Date; }[]; } | { ...; } | { ...; } | { ...; }'.
  Property 'length' does not exist on type '{ weekStart: Date; weekEnd: Date; employeeId: number; totalShifts: number; totalHours: number; shifts: { id: number; employeeId: number; startTime: Date; endTime: Date | null; ... 4 more ...; updatedAt: Date; }[]; }'.
client/src/pages/TimesheetSummary.tsx(198,45): error TS2339: Property 'reduce' does not exist on type '{ weekStart: Date; weekEnd: Date; employeeId: number; totalShifts: number; totalHours: number; shifts: { id: number; employeeId: number; startTime: Date; endTime: Date | null; ... 4 more ...; updatedAt: Date; }[]; } | { ...; } | { ...; } | { ...; }'.
  Property 'reduce' does not exist on type '{ weekStart: Date; weekEnd: Date; employeeId: number; totalShifts: number; totalHours: number; shifts: { id: number; employeeId: number; startTime: Date; endTime: Date | null; ... 4 more ...; updatedAt: Date; }[]; }'.
client/src/pages/TimesheetSummary.tsx(198,53): error TS7006: Parameter 'sum' implicitly has an 'any' type.
client/src/pages/TimesheetSummary.tsx(198,58): error TS7006: Parameter 'row' implicitly has an 'any' type.
client/src/pages/TimesheetSummary.tsx(199,45): error TS2339: Property 'reduce' does not exist on type '{ weekStart: Date; weekEnd: Date; employeeId: number; totalShifts: number; totalHours: number; shifts: { id: number; employeeId: number; startTime: Date; endTime: Date | null; ... 4 more ...; updatedAt: Date; }[]; } | { ...; } | { ...; } | { ...; }'.
  Property 'reduce' does not exist on type '{ weekStart: Date; weekEnd: Date; employeeId: number; totalShifts: number; totalHours: number; shifts: { id: number; employeeId: number; startTime: Date; endTime: Date | null; ... 4 more ...; updatedAt: Date; }[]; }'.
client/src/pages/TimesheetSummary.tsx(199,53): error TS7006: Parameter 'sum' implicitly has an 'any' type.
client/src/pages/TimesheetSummary.tsx(199,58): error TS7006: Parameter 'row' implicitly has an 'any' type.
client/src/pages/TimesheetSummary.tsx(200,45): error TS2339: Property 'reduce' does not exist on type '{ weekStart: Date; weekEnd: Date; employeeId: number; totalShifts: number; totalHours: number; shifts: { id: number; employeeId: number; startTime: Date; endTime: Date | null; ... 4 more ...; updatedAt: Date; }[]; } | { ...; } | { ...; } | { ...; }'.
  Property 'reduce' does not exist on type '{ weekStart: Date; weekEnd: Date; employeeId: number; totalShifts: number; totalHours: number; shifts: { id: number; employeeId: number; startTime: Date; endTime: Date | null; ... 4 more ...; updatedAt: Date; }[]; }'.
client/src/pages/TimesheetSummary.tsx(200,53): error TS7006: Parameter 'sum' implicitly has an 'any' type.
client/src/pages/TimesheetSummary.tsx(200,58): error TS7006: Parameter 'row' implicitly has an 'any' type.
client/src/pages/TimesheetSummary.tsx(201,45): error TS2339: Property 'reduce' does not exist on type '{ weekStart: Date; weekEnd: Date; employeeId: number; totalShifts: number; totalHours: number; shifts: { id: number; employeeId: number; startTime: Date; endTime: Date | null; ... 4 more ...; updatedAt: Date; }[]; } | { ...; } | { ...; } | { ...; }'.
  Property 'reduce' does not exist on type '{ weekStart: Date; weekEnd: Date; employeeId: number; totalShifts: number; totalHours: number; shifts: { id: number; employeeId: number; startTime: Date; endTime: Date | null; ... 4 more ...; updatedAt: Date; }[]; }'.
client/src/pages/TimesheetSummary.tsx(201,53): error TS7006: Parameter 'sum' implicitly has an 'any' type.
client/src/pages/TimesheetSummary.tsx(201,58): error TS7006: Parameter 'row' implicitly has an 'any' type.
client/src/pages/TimesheetSummary.tsx(202,45): error TS2339: Property 'reduce' does not exist on type '{ weekStart: Date; weekEnd: Date; employeeId: number; totalShifts: number; totalHours: number; shifts: { id: number; employeeId: number; startTime: Date; endTime: Date | null; ... 4 more ...; updatedAt: Date; }[]; } | { ...; } | { ...; } | { ...; }'.
  Property 'reduce' does not exist on type '{ weekStart: Date; weekEnd: Date; employeeId: number; totalShifts: number; totalHours: number; shifts: { id: number; employeeId: number; startTime: Date; endTime: Date | null; ... 4 more ...; updatedAt: Date; }[]; }'.
client/src/pages/TimesheetSummary.tsx(202,53): error TS7006: Parameter 'sum' implicitly has an 'any' type.
client/src/pages/TimesheetSummary.tsx(202,58): error TS7006: Parameter 'row' implicitly has an 'any' type.
client/src/pages/TimesheetSummary.tsx(203,45): error TS2339: Property 'reduce' does not exist on type '{ weekStart: Date; weekEnd: Date; employeeId: number; totalShifts: number; totalHours: number; shifts: { id: number; employeeId: number; startTime: Date; endTime: Date | null; ... 4 more ...; updatedAt: Date; }[]; } | { ...; } | { ...; } | { ...; }'.
  Property 'reduce' does not exist on type '{ weekStart: Date; weekEnd: Date; employeeId: number; totalShifts: number; totalHours: number; shifts: { id: number; employeeId: number; startTime: Date; endTime: Date | null; ... 4 more ...; updatedAt: Date; }[]; }'.
client/src/pages/TimesheetSummary.tsx(203,53): error TS7006: Parameter 'sum' implicitly has an 'any' type.
client/src/pages/TimesheetSummary.tsx(203,58): error TS7006: Parameter 'row' implicitly has an 'any' type.
client/src/pages/TimesheetSummary.tsx(206,48): error TS2339: Property 'reduce' does not exist on type '{ weekStart: Date; weekEnd: Date; employeeId: number; totalShifts: number; totalHours: number; shifts: { id: number; employeeId: number; startTime: Date; endTime: Date | null; ... 4 more ...; updatedAt: Date; }[]; } | { ...; } | { ...; } | { ...; }'.
  Property 'reduce' does not exist on type '{ weekStart: Date; weekEnd: Date; employeeId: number; totalShifts: number; totalHours: number; shifts: { id: number; employeeId: number; startTime: Date; endTime: Date | null; ... 4 more ...; updatedAt: Date; }[]; }'.
client/src/pages/TimesheetSummary.tsx(206,56): error TS7006: Parameter 'sum' implicitly has an 'any' type.
client/src/pages/TimesheetSummary.tsx(206,61): error TS7006: Parameter 'row' implicitly has an 'any' type.
client/src/pages/TimesheetSummary.tsx(247,77): error TS2339: Property 'length' does not exist on type '{ weekStart: Date; weekEnd: Date; employeeId: number; totalShifts: number; totalHours: number; shifts: { id: number; employeeId: number; startTime: Date; endTime: Date | null; ... 4 more ...; updatedAt: Date; }[]; } | { ...; } | { ...; } | { ...; }'.
  Property 'length' does not exist on type '{ weekStart: Date; weekEnd: Date; employeeId: number; totalShifts: number; totalHours: number; shifts: { id: number; employeeId: number; startTime: Date; endTime: Date | null; ... 4 more ...; updatedAt: Date; }[]; }'.
client/src/pages/TimesheetSummary.tsx(356,45): error TS2339: Property 'length' does not exist on type '{ weekStart: Date; weekEnd: Date; employeeId: number; totalShifts: number; totalHours: number; shifts: { id: number; employeeId: number; startTime: Date; endTime: Date | null; ... 4 more ...; updatedAt: Date; }[]; } | { ...; } | { ...; } | { ...; }'.
  Property 'length' does not exist on type '{ weekStart: Date; weekEnd: Date; employeeId: number; totalShifts: number; totalHours: number; shifts: { id: number; employeeId: number; startTime: Date; endTime: Date | null; ... 4 more ...; updatedAt: Date; }[]; }'.
client/src/pages/TimesheetSummary.tsx(364,30): error TS2339: Property 'map' does not exist on type '{ weekStart: Date; weekEnd: Date; employeeId: number; totalShifts: number; totalHours: number; shifts: { id: number; employeeId: number; startTime: Date; endTime: Date | null; ... 4 more ...; updatedAt: Date; }[]; } | { ...; } | { ...; } | { ...; }'.
  Property 'map' does not exist on type '{ weekStart: Date; weekEnd: Date; employeeId: number; totalShifts: number; totalHours: number; shifts: { id: number; employeeId: number; startTime: Date; endTime: Date | null; ... 4 more ...; updatedAt: Date; }[]; }'.
client/src/pages/TimesheetSummary.tsx(364,35): error TS7006: Parameter 'row' implicitly has an 'any' type.
client/src/pages/TimesheetSummary.tsx(389,30): error TS2339: Property 'length' does not exist on type '{ weekStart: Date; weekEnd: Date; employeeId: number; totalShifts: number; totalHours: number; shifts: { id: number; employeeId: number; startTime: Date; endTime: Date | null; ... 4 more ...; updatedAt: Date; }[]; } | { ...; } | { ...; } | { ...; }'.
  Property 'length' does not exist on type '{ weekStart: Date; weekEnd: Date; employeeId: number; totalShifts: number; totalHours: number; shifts: { id: number; employeeId: number; startTime: Date; endTime: Date | null; ... 4 more ...; updatedAt: Date; }[]; }'.
client/src/pages/TimesheetSummary.tsx(392,45): error TS2339: Property 'reduce' does not exist on type '{ weekStart: Date; weekEnd: Date; employeeId: number; totalShifts: number; totalHours: number; shifts: { id: number; employeeId: number; startTime: Date; endTime: Date | null; ... 4 more ...; updatedAt: Date; }[]; } | { ...; } | { ...; } | { ...; }'.
  Property 'reduce' does not exist on type '{ weekStart: Date; weekEnd: Date; employeeId: number; totalShifts: number; totalHours: number; shifts: { id: number; employeeId: number; startTime: Date; endTime: Date | null; ... 4 more ...; updatedAt: Date; }[]; }'.
client/src/pages/TimesheetSummary.tsx(392,53): error TS7006: Parameter 'sum' implicitly has an 'any' type.
client/src/pages/TimesheetSummary.tsx(392,58): error TS7006: Parameter 'row' implicitly has an 'any' type.
client/src/pages/TimesheetSummary.tsx(393,45): error TS2339: Property 'reduce' does not exist on type '{ weekStart: Date; weekEnd: Date; employeeId: number; totalShifts: number; totalHours: number; shifts: { id: number; employeeId: number; startTime: Date; endTime: Date | null; ... 4 more ...; updatedAt: Date; }[]; } | { ...; } | { ...; } | { ...; }'.
  Property 'reduce' does not exist on type '{ weekStart: Date; weekEnd: Date; employeeId: number; totalShifts: number; totalHours: number; shifts: { id: number; employeeId: number; startTime: Date; endTime: Date | null; ... 4 more ...; updatedAt: Date; }[]; }'.
client/src/pages/TimesheetSummary.tsx(393,53): error TS7006: Parameter 'sum' implicitly has an 'any' type.
client/src/pages/TimesheetSummary.tsx(393,58): error TS7006: Parameter 'row' implicitly has an 'any' type.
client/src/pages/TimesheetSummary.tsx(394,45): error TS2339: Property 'reduce' does not exist on type '{ weekStart: Date; weekEnd: Date; employeeId: number; totalShifts: number; totalHours: number; shifts: { id: number; employeeId: number; startTime: Date; endTime: Date | null; ... 4 more ...; updatedAt: Date; }[]; } | { ...; } | { ...; } | { ...; }'.
  Property 'reduce' does not exist on type '{ weekStart: Date; weekEnd: Date; employeeId: number; totalShifts: number; totalHours: number; shifts: { id: number; employeeId: number; startTime: Date; endTime: Date | null; ... 4 more ...; updatedAt: Date; }[]; }'.
client/src/pages/TimesheetSummary.tsx(394,53): error TS7006: Parameter 'sum' implicitly has an 'any' type.
client/src/pages/TimesheetSummary.tsx(394,58): error TS7006: Parameter 'row' implicitly has an 'any' type.
client/src/pages/TimesheetSummary.tsx(395,45): error TS2339: Property 'reduce' does not exist on type '{ weekStart: Date; weekEnd: Date; employeeId: number; totalShifts: number; totalHours: number; shifts: { id: number; employeeId: number; startTime: Date; endTime: Date | null; ... 4 more ...; updatedAt: Date; }[]; } | { ...; } | { ...; } | { ...; }'.
  Property 'reduce' does not exist on type '{ weekStart: Date; weekEnd: Date; employeeId: number; totalShifts: number; totalHours: number; shifts: { id: number; employeeId: number; startTime: Date; endTime: Date | null; ... 4 more ...; updatedAt: Date; }[]; }'.
client/src/pages/TimesheetSummary.tsx(395,53): error TS7006: Parameter 'sum' implicitly has an 'any' type.
client/src/pages/TimesheetSummary.tsx(395,58): error TS7006: Parameter 'row' implicitly has an 'any' type.
client/src/pages/TimesheetSummary.tsx(396,45): error TS2339: Property 'reduce' does not exist on type '{ weekStart: Date; weekEnd: Date; employeeId: number; totalShifts: number; totalHours: number; shifts: { id: number; employeeId: number; startTime: Date; endTime: Date | null; ... 4 more ...; updatedAt: Date; }[]; } | { ...; } | { ...; } | { ...; }'.
  Property 'reduce' does not exist on type '{ weekStart: Date; weekEnd: Date; employeeId: number; totalShifts: number; totalHours: number; shifts: { id: number; employeeId: number; startTime: Date; endTime: Date | null; ... 4 more ...; updatedAt: Date; }[]; }'.
client/src/pages/TimesheetSummary.tsx(396,53): error TS7006: Parameter 'sum' implicitly has an 'any' type.
client/src/pages/TimesheetSummary.tsx(396,58): error TS7006: Parameter 'row' implicitly has an 'any' type.
client/src/pages/TimesheetSummary.tsx(397,45): error TS2339: Property 'reduce' does not exist on type '{ weekStart: Date; weekEnd: Date; employeeId: number; totalShifts: number; totalHours: number; shifts: { id: number; employeeId: number; startTime: Date; endTime: Date | null; ... 4 more ...; updatedAt: Date; }[]; } | { ...; } | { ...; } | { ...; }'.
  Property 'reduce' does not exist on type '{ weekStart: Date; weekEnd: Date; employeeId: number; totalShifts: number; totalHours: number; shifts: { id: number; employeeId: number; startTime: Date; endTime: Date | null; ... 4 more ...; updatedAt: Date; }[]; }'.
client/src/pages/TimesheetSummary.tsx(397,53): error TS7006: Parameter 'sum' implicitly has an 'any' type.
client/src/pages/TimesheetSummary.tsx(397,58): error TS7006: Parameter 'row' implicitly has an 'any' type.
client/src/pages/TimesheetSummary.tsx(404,30): error TS2339: Property 'reduce' does not exist on type '{ weekStart: Date; weekEnd: Date; employeeId: number; totalShifts: number; totalHours: number; shifts: { id: number; employeeId: number; startTime: Date; endTime: Date | null; ... 4 more ...; updatedAt: Date; }[]; } | { ...; } | { ...; } | { ...; }'.
  Property 'reduce' does not exist on type '{ weekStart: Date; weekEnd: Date; employeeId: number; totalShifts: number; totalHours: number; shifts: { id: number; employeeId: number; startTime: Date; endTime: Date | null; ... 4 more ...; updatedAt: Date; }[]; }'.
client/src/pages/TimesheetSummary.tsx(404,38): error TS7006: Parameter 'sum' implicitly has an 'any' type.
client/src/pages/TimesheetSummary.tsx(404,43): error TS7006: Parameter 'row' implicitly has an 'any' type.
client/src/pages/TimesheetSummary.tsx(423,35): error TS2339: Property 'length' does not exist on type '{ weekStart: Date; weekEnd: Date; employeeId: number; totalShifts: number; totalHours: number; shifts: { id: number; employeeId: number; startTime: Date; endTime: Date | null; ... 4 more ...; updatedAt: Date; }[]; } | { ...; } | { ...; } | { ...; }'.
  Property 'length' does not exist on type '{ weekStart: Date; weekEnd: Date; employeeId: number; totalShifts: number; totalHours: number; shifts: { id: number; employeeId: number; startTime: Date; endTime: Date | null; ... 4 more ...; updatedAt: Date; }[]; }'.
client/src/pages/TimesheetSummary.tsx(430,64): error TS2339: Property 'length' does not exist on type '{ weekStart: Date; weekEnd: Date; employeeId: number; totalShifts: number; totalHours: number; shifts: { id: number; employeeId: number; startTime: Date; endTime: Date | null; ... 4 more ...; updatedAt: Date; }[]; } | { ...; } | { ...; } | { ...; }'.
  Property 'length' does not exist on type '{ weekStart: Date; weekEnd: Date; employeeId: number; totalShifts: number; totalHours: number; shifts: { id: number; employeeId: number; startTime: Date; endTime: Date | null; ... 4 more ...; updatedAt: Date; }[]; }'.
client/src/pages/TimesheetSummary.tsx(440,32): error TS2339: Property 'reduce' does not exist on type '{ weekStart: Date; weekEnd: Date; employeeId: number; totalShifts: number; totalHours: number; shifts: { id: number; employeeId: number; startTime: Date; endTime: Date | null; ... 4 more ...; updatedAt: Date; }[]; } | { ...; } | { ...; } | { ...; }'.
  Property 'reduce' does not exist on type '{ weekStart: Date; weekEnd: Date; employeeId: number; totalShifts: number; totalHours: number; shifts: { id: number; employeeId: number; startTime: Date; endTime: Date | null; ... 4 more ...; updatedAt: Date; }[]; }'.
client/src/pages/TimesheetSummary.tsx(440,40): error TS7006: Parameter 'sum' implicitly has an 'any' type.
client/src/pages/TimesheetSummary.tsx(440,45): error TS7006: Parameter 'row' implicitly has an 'any' type.
client/src/pages/TimesheetSummary.tsx(451,32): error TS2339: Property 'reduce' does not exist on type '{ weekStart: Date; weekEnd: Date; employeeId: number; totalShifts: number; totalHours: number; shifts: { id: number; employeeId: number; startTime: Date; endTime: Date | null; ... 4 more ...; updatedAt: Date; }[]; } | { ...; } | { ...; } | { ...; }'.
  Property 'reduce' does not exist on type '{ weekStart: Date; weekEnd: Date; employeeId: number; totalShifts: number; totalHours: number; shifts: { id: number; employeeId: number; startTime: Date; endTime: Date | null; ... 4 more ...; updatedAt: Date; }[]; }'.
client/src/pages/TimesheetSummary.tsx(451,40): error TS7006: Parameter 'sum' implicitly has an 'any' type.
client/src/pages/TimesheetSummary.tsx(451,45): error TS7006: Parameter 'row' implicitly has an 'any' type.
client/src/pages/TimesheetSummary.tsx(465,24): error TS2339: Property 'reduce' does not exist on type '{ weekStart: Date; weekEnd: Date; employeeId: number; totalShifts: number; totalHours: number; shifts: { id: number; employeeId: number; startTime: Date; endTime: Date | null; ... 4 more ...; updatedAt: Date; }[]; } | { ...; } | { ...; } | { ...; }'.
  Property 'reduce' does not exist on type '{ weekStart: Date; weekEnd: Date; employeeId: number; totalShifts: number; totalHours: number; shifts: { id: number; employeeId: number; startTime: Date; endTime: Date | null; ... 4 more ...; updatedAt: Date; }[]; }'.
client/src/pages/TimesheetSummary.tsx(465,32): error TS7006: Parameter 'sum' implicitly has an 'any' type.
client/src/pages/TimesheetSummary.tsx(465,37): error TS7006: Parameter 'row' implicitly has an 'any' type.
server/_core/notificationJobs.ts(12,3): error TS2305: Module '"../db"' has no exported member 'getUserById'.
server/_core/notificationJobs.ts(33,45): error TS2339: Property 'userId' does not exist on type '{ id: number; title: string; description: string | null; status: string; priority: string | null; dueDate: Date | null; projectId: number | null; createdBy: number; createdAt: Date; updatedAt: Date; }'.
server/_core/notificationJobs.ts(37,61): error TS2339: Property 'userId' does not exist on type '{ id: number; title: string; description: string | null; status: string; priority: string | null; dueDate: Date | null; projectId: number | null; createdBy: number; createdAt: Date; updatedAt: Date; }'.
server/_core/notificationJobs.ts(40,21): error TS2339: Property 'overdueReminders' does not exist on type 'never'.
server/_core/notificationJobs.ts(42,45): error TS2339: Property 'userId' does not exist on type '{ id: number; title: string; description: string | null; status: string; priority: string | null; dueDate: Date | null; projectId: number | null; createdBy: number; createdAt: Date; updatedAt: Date; }'.
server/_core/notificationJobs.ts(49,37): error TS2339: Property 'quietHoursStart' does not exist on type 'never'.
server/_core/notificationJobs.ts(49,74): error TS2339: Property 'quietHoursEnd' does not exist on type 'never'.
server/_core/notificationJobs.ts(52,45): error TS2339: Property 'userId' does not exist on type '{ id: number; title: string; description: string | null; status: string; priority: string | null; dueDate: Date | null; projectId: number | null; createdBy: number; createdAt: Date; updatedAt: Date; }'.
server/_core/notificationJobs.ts(61,60): error TS2769: No overload matches this call.
  Overload 1 of 4, '(value: string | number | Date): Date', gave the following error.
    Argument of type 'Date | null' is not assignable to parameter of type 'string | number | Date'.
      Type 'null' is not assignable to type 'string | number | Date'.
  Overload 2 of 4, '(value: string | number): Date', gave the following error.
    Argument of type 'Date | null' is not assignable to parameter of type 'string | number'.
      Type 'null' is not assignable to type 'string | number'.
server/_core/notificationJobs.ts(65,20): error TS2339: Property 'emailEnabled' does not exist on type 'never'.
server/_core/notificationJobs.ts(66,20): error TS2339: Property 'smsEnabled' does not exist on type 'never'.
server/_core/notificationJobs.ts(67,20): error TS2339: Property 'inAppEnabled' does not exist on type 'never'.
server/_core/notificationJobs.ts(70,11): error TS2353: Object literal may only specify known properties, and 'taskId' does not exist in type '{ userId: number; title: string; message: string; id?: number | undefined; status?: string | null | undefined; type?: string | null | undefined; sentAt?: Date | undefined; }'.
server/_core/notificationJobs.ts(71,24): error TS2339: Property 'userId' does not exist on type '{ id: number; title: string; description: string | null; status: string; priority: string | null; dueDate: Date | null; projectId: number | null; createdBy: number; createdAt: Date; updatedAt: Date; }'.
server/_core/notificationJobs.ts(84,20): error TS2339: Property 'emailEnabled' does not exist on type 'never'.
server/_core/notificationJobs.ts(95,26): error TS2339: Property 'userId' does not exist on type '{ id: number; title: string; description: string | null; status: string; priority: string | null; dueDate: Date | null; projectId: number | null; createdBy: number; createdAt: Date; updatedAt: Date; }'.
server/_core/notificationJobs.ts(108,20): error TS2339: Property 'smsEnabled' does not exist on type 'never'.
server/_core/notificationJobs.ts(116,26): error TS2339: Property 'userId' does not exist on type '{ id: number; title: string; description: string | null; status: string; priority: string | null; dueDate: Date | null; projectId: number | null; createdBy: number; createdAt: Date; updatedAt: Date; }'.
server/_core/notificationJobs.ts(129,20): error TS2339: Property 'inAppEnabled' does not exist on type 'never'.
server/_core/notificationJobs.ts(132,26): error TS2339: Property 'userId' does not exist on type '{ id: number; title: string; description: string | null; status: string; priority: string | null; dueDate: Date | null; projectId: number | null; createdBy: number; createdAt: Date; updatedAt: Date; }'.
server/_core/notificationJobs.ts(135,37): error TS2339: Property 'userId' does not exist on type '{ id: number; title: string; description: string | null; status: string; priority: string | null; dueDate: Date | null; projectId: number | null; createdBy: number; createdAt: Date; updatedAt: Date; }'.
server/_core/notificationJobs.ts(174,17): error TS2339: Property 'completionNotifications' does not exist on type 'never'.
server/_core/notificationJobs.ts(183,33): error TS2339: Property 'quietHoursStart' does not exist on type 'never'.
server/_core/notificationJobs.ts(183,70): error TS2339: Property 'quietHoursEnd' does not exist on type 'never'.
server/_core/notificationJobs.ts(197,16): error TS2339: Property 'emailEnabled' does not exist on type 'never'.
server/_core/notificationJobs.ts(198,16): error TS2339: Property 'inAppEnabled' does not exist on type 'never'.
server/_core/notificationJobs.ts(201,7): error TS2353: Object literal may only specify known properties, and 'taskId' does not exist in type '{ userId: number; title: string; message: string; id?: number | undefined; status?: string | null | undefined; type?: string | null | undefined; sentAt?: Date | undefined; }'.
server/_core/notificationJobs.ts(213,16): error TS2339: Property 'emailEnabled' does not exist on type 'never'.
server/_core/notificationJobs.ts(237,16): error TS2339: Property 'inAppEnabled' does not exist on type 'never'.
server/_core/triggerJobs.ts(46,58): error TS2339: Property 'id' does not exist on type 'never'.
server/_core/triggerJobs.ts(49,57): error TS2339: Property 'id' does not exist on type 'never'.
server/routers.ts(104,11): error TS2353: Object literal may only specify known properties, and 'description' does not exist in type '{ name: string; url: string; id?: number | undefined; createdAt?: Date | undefined; projectId?: number | null | undefined; type?: string | null | undefined; uploadedBy?: number | null | undefined; }'.
server/routers.ts(258,28): error TS2339: Property 'name' does not exist on type 'never'.
server/routers.ts(258,39): error TS2339: Property 'quantity' does not exist on type 'never'.
server/routers.ts(258,53): error TS2339: Property 'unit' does not exist on type 'never'.
server/routers.ts(258,73): error TS2339: Property 'minStock' does not exist on type 'never'.
server/routers.ts(258,87): error TS2339: Property 'unit' does not exist on type 'never'.
server/routers.ts(360,11): error TS2353: Object literal may only specify known properties, and 'createdBy' does not exist in type '{ recipeId: number; projectId: number; scheduledTime: Date; id?: number | undefined; createdAt?: Date | undefined; updatedAt?: Date | undefined; status?: string | undefined; ... 10 more ...; photos?: string | ... 1 more ... | undefined; }'.
server/routers.ts(433,43): error TS2339: Property 'deliveryPhotos' does not exist on type '{ id: number; projectId: number; recipeId: number; batchId: number | null; ticketNumber: string | null; truckNumber: string | null; driverId: number | null; status: string; scheduledTime: Date; ... 8 more ...; updatedAt: Date; }'.
server/routers.ts(433,80): error TS2339: Property 'deliveryPhotos' does not exist on type '{ id: number; projectId: number; recipeId: number; batchId: number | null; ticketNumber: string | null; truckNumber: string | null; driverId: number | null; status: string; scheduledTime: Date; ... 8 more ...; updatedAt: Date; }'.
server/routers.ts(435,55): error TS2353: Object literal may only specify known properties, and 'deliveryPhotos' does not exist in type 'Partial<{ recipeId: number; projectId: number; scheduledTime: Date; id?: number | undefined; createdAt?: Date | undefined; updatedAt?: Date | undefined; status?: string | undefined; ... 10 more ...; photos?: string | ... 1 more ... | undefined; }>'.
server/routers.ts(457,36): error TS2339: Property 'customerPhone' does not exist on type '{ id: number; projectId: number; recipeId: number; batchId: number | null; ticketNumber: string | null; truckNumber: string | null; driverId: number | null; status: string; scheduledTime: Date; ... 8 more ...; updatedAt: Date; }'.
server/routers.ts(463,53): error TS2353: Object literal may only specify known properties, and 'smsNotificationSent' does not exist in type 'Partial<{ recipeId: number; projectId: number; scheduledTime: Date; id?: number | undefined; createdAt?: Date | undefined; updatedAt?: Date | undefined; status?: string | undefined; ... 10 more ...; photos?: string | ... 1 more ... | undefined; }>'.
server/routers.ts(465,43): error TS2339: Property 'customerPhone' does not exist on type '{ id: number; projectId: number; recipeId: number; batchId: number | null; ticketNumber: string | null; truckNumber: string | null; driverId: number | null; status: string; scheduledTime: Date; ... 8 more ...; updatedAt: Date; }'.
server/routers.ts(499,36): error TS2345: Argument of type '{ testName: string; testType: "other" | "slump" | "strength" | "air_content" | "temperature"; result: string; status: "pending" | "fail" | "pass"; unit?: string | undefined; deliveryId?: number | undefined; ... 8 more ...; offlineSyncStatus?: "pending" | ... 2 more ... | undefined; }' is not assignable to parameter of type '{ testType: string; id?: number | undefined; createdAt?: Date | undefined; updatedAt?: Date | undefined; status?: string | undefined; projectId?: number | null | undefined; ... 9 more ...; syncStatus?: string | ... 1 more ... | undefined; }'.
  Types of property 'testedBy' are incompatible.
    Type 'string | undefined' is not assignable to type 'number | null | undefined'.
      Type 'string' is not assignable to type 'number'.
server/routers.ts(538,49): error TS2353: Object literal may only specify known properties, and 'offlineSyncStatus' does not exist in type '{ testType: string; id?: number | undefined; createdAt?: Date | undefined; updatedAt?: Date | undefined; status?: string | undefined; projectId?: number | null | undefined; ... 9 more ...; syncStatus?: string | ... 1 more ... | undefined; }'.
server/routers.ts(580,40): error TS2345: Argument of type '{ testName?: string | undefined; testType?: "other" | "slump" | "strength" | "air_content" | "temperature" | undefined; result?: string | undefined; unit?: string | undefined; status?: "pending" | ... 2 more ... | undefined; ... 9 more ...; offlineSyncStatus?: "pending" | ... 2 more ... | undefined; }' is not assignable to parameter of type 'Partial<{ testType: string; id?: number | undefined; createdAt?: Date | undefined; updatedAt?: Date | undefined; status?: string | undefined; projectId?: number | null | undefined; ... 9 more ...; syncStatus?: string | ... 1 more ... | undefined; }>'.
  Types of property 'testedBy' are incompatible.
    Type 'string | undefined' is not assignable to type 'number | null | undefined'.
      Type 'string' is not assignable to type 'number'.
server/routers.ts(636,52): error TS2339: Property 'volume' does not exist on type '{ id: number; projectId: number; recipeId: number; batchId: number | null; ticketNumber: string | null; truckNumber: string | null; driverId: number | null; status: string; scheduledTime: Date; ... 8 more ...; updatedAt: Date; }'.
server/routers.ts(903,47): error TS2345: Argument of type '{ machineId: number; date: Date; startTime: Date; projectId?: number | undefined; endTime?: Date | undefined; hoursWorked?: number | undefined; operatorId?: number | undefined; operatorName?: string | undefined; notes?: string | undefined; }' is not assignable to parameter of type '{ date: Date; machineId: number; hours: number; id?: number | undefined; operatorId?: number | null | undefined; }'.
  Property 'hours' is missing in type '{ machineId: number; date: Date; startTime: Date; projectId?: number | undefined; endTime?: Date | undefined; hoursWorked?: number | undefined; operatorId?: number | undefined; operatorName?: string | undefined; notes?: string | undefined; }' but required in type '{ date: Date; machineId: number; hours: number; id?: number | undefined; operatorId?: number | null | undefined; }'.
server/routers.ts(987,42): error TS2339: Property 'id' does not exist on type 'never'.
server/routers.ts(989,30): error TS2339: Property 'supplierEmail' does not exist on type 'never'.
server/routers.ts(995,61): error TS2339: Property 'materialId' does not exist on type 'never'.
server/routers.ts(1000,21): error TS2339: Property 'id' does not exist on type 'never'.
server/routers.ts(1001,31): error TS2339: Property 'materialName' does not exist on type 'never'.
server/routers.ts(1002,27): error TS2339: Property 'quantity' does not exist on type 'never'.
server/routers.ts(1004,27): error TS2339: Property 'supplier' does not exist on type 'never'.
server/routers.ts(1005,28): error TS2339: Property 'orderDate' does not exist on type 'never'.
server/routers.ts(1005,55): error TS2339: Property 'orderDate' does not exist on type 'never'.
server/routers.ts(1006,35): error TS2339: Property 'expectedDelivery' does not exist on type 'never'.
server/routers.ts(1006,69): error TS2339: Property 'expectedDelivery' does not exist on type 'never'.
server/routers.ts(1007,24): error TS2339: Property 'notes' does not exist on type 'never'.
server/routers.ts(1011,21): error TS2339: Property 'supplierEmail' does not exist on type 'never'.
server/routers.ts(1012,45): error TS2339: Property 'id' does not exist on type 'never'.
server/routers.ts(1012,59): error TS2339: Property 'materialName' does not exist on type 'never'.
server/routers.ts(1037,18): error TS2551: Property 'actualDeliveryTime' does not exist on type '{ id: number; projectId: number; recipeId: number; batchId: number | null; ticketNumber: string | null; truckNumber: string | null; driverId: number | null; status: string; scheduledTime: Date; ... 8 more ...; updatedAt: Date; }'. Did you mean 'deliveryTime'?
server/routers.ts(1038,43): error TS2551: Property 'actualDeliveryTime' does not exist on type '{ id: number; projectId: number; recipeId: number; batchId: number | null; ticketNumber: string | null; truckNumber: string | null; driverId: number | null; status: string; scheduledTime: Date; ... 8 more ...; updatedAt: Date; }'. Did you mean 'deliveryTime'?
server/routers.ts(1043,87): error TS2339: Property 'volume' does not exist on type '{ id: number; projectId: number; recipeId: number; batchId: number | null; ticketNumber: string | null; truckNumber: string | null; driverId: number | null; status: string; scheduledTime: Date; ... 8 more ...; updatedAt: Date; }'.
server/routers.ts(1048,36): error TS2339: Property 'consumptionDate' does not exist on type 'never'.
server/routers.ts(1054,59): error TS2339: Property 'materialId' does not exist on type 'never'.
server/routers.ts(1057,25): error TS2339: Property 'quantity' does not exist on type 'never'.
server/routers.ts(1096,18): error TS2551: Property 'actualDeliveryTime' does not exist on type '{ id: number; projectId: number; recipeId: number; batchId: number | null; ticketNumber: string | null; truckNumber: string | null; driverId: number | null; status: string; scheduledTime: Date; ... 8 more ...; updatedAt: Date; }'. Did you mean 'deliveryTime'?
server/routers.ts(1097,43): error TS2551: Property 'actualDeliveryTime' does not exist on type '{ id: number; projectId: number; recipeId: number; batchId: number | null; ticketNumber: string | null; truckNumber: string | null; driverId: number | null; status: string; scheduledTime: Date; ... 8 more ...; updatedAt: Date; }'. Did you mean 'deliveryTime'?
server/routers.ts(1101,87): error TS2339: Property 'volume' does not exist on type '{ id: number; projectId: number; recipeId: number; batchId: number | null; ticketNumber: string | null; truckNumber: string | null; driverId: number | null; status: string; scheduledTime: Date; ... 8 more ...; updatedAt: Date; }'.
server/routers.ts(1105,36): error TS2339: Property 'consumptionDate' does not exist on type 'never'.
server/routers.ts(1111,59): error TS2339: Property 'materialId' does not exist on type 'never'.
server/routers.ts(1114,25): error TS2339: Property 'quantity' does not exist on type 'never'.
server/routers.ts(1142,39): error TS2339: Property 'includeProduction' does not exist on type 'never'.
server/routers.ts(1143,39): error TS2339: Property 'includeDeliveries' does not exist on type 'never'.
server/routers.ts(1144,38): error TS2339: Property 'includeMaterials' does not exist on type 'never'.
server/routers.ts(1145,43): error TS2339: Property 'includeQualityControl' does not exist on type 'never'.
server/routers/aiAssistant.ts(72,23): error TS2339: Property 'imageUrl' does not exist on type '{ id: number; conversationId: number; role: string; content: string; metadata: string | null; createdAt: Date; }'.
server/routers/aiAssistant.ts(72,39): error TS2339: Property 'imageUrl' does not exist on type '{ id: number; conversationId: number; role: string; content: string; metadata: string | null; createdAt: Date; }'.
server/routers/bulkImport.ts(144,26): error TS2304: Cannot find name 'getDb'.
server/routers/bulkImport.ts(200,15): error TS2322: Type 'string' is not assignable to type 'Date'.
server/routers/bulkImport.ts(201,15): error TS2322: Type 'string | null' is not assignable to type 'Date | null | undefined'.
  Type 'string' is not assignable to type 'Date'.
server/routers/bulkImport.ts(250,26): error TS2304: Cannot find name 'getDb'.
server/routers/bulkImport.ts(342,26): error TS2304: Cannot find name 'getDb'.
server/routers/bulkImport.ts(382,15): error TS2353: Object literal may only specify known properties, and 'description' does not exist in type '{ name: string; url: string; id?: number | undefined; createdAt?: Date | undefined; projectId?: number | null | undefined; type?: string | null | undefined; uploadedBy?: number | null | undefined; }'.
server/routers/geolocation.ts(102,48): error TS2339: Property 'id' does not exist on type 'never'.
server/routers/geolocation.ts(108,45): error TS2339: Property 'latitude' does not exist on type 'never'.
server/routers/geolocation.ts(109,45): error TS2339: Property 'longitude' does not exist on type 'never'.
server/routers/geolocation.ts(115,17): error TS2339: Property 'geofenceRadius' does not exist on type 'never'.
server/routers/geolocation.ts(123,17): error TS2339: Property 'geofenceRadius' does not exist on type 'never'.
server/routers/geolocation.ts(158,19): error TS2339: Property 'name' does not exist on type 'never'.
server/routers/geolocation.ts(228,48): error TS2339: Property 'id' does not exist on type 'never'.
server/routers/geolocation.ts(234,45): error TS2339: Property 'latitude' does not exist on type 'never'.
server/routers/geolocation.ts(235,45): error TS2339: Property 'longitude' does not exist on type 'never'.
server/routers/geolocation.ts(241,17): error TS2339: Property 'geofenceRadius' does not exist on type 'never'.
server/routers/geolocation.ts(249,17): error TS2339: Property 'geofenceRadius' does not exist on type 'never'.
server/routers/geolocation.ts(284,19): error TS2339: Property 'name' does not exist on type 'never'.
server/routers/timesheets.ts(21,9): error TS2353: Object literal may only specify known properties, and 'shiftDate' does not exist in type '{ startTime: Date; employeeId: number; id?: number | undefined; createdAt?: Date | undefined; updatedAt?: Date | undefined; status?: string | undefined; createdBy?: number | ... 1 more ... | undefined; notes?: string | ... 1 more ... | undefined; endTime?: Date | ... 1 more ... | undefined; }'.
server/routers/timesheets.ts(257,26): error TS18047: 'shift.endTime' is possibly 'null'.
server/routers/timesheets.ts(292,26): error TS18047: 'shift.endTime' is possibly 'null'.
server/routers/timesheets.ts(296,49): error TS2339: Property 'status' does not exist on type 'never'.
server/routers/timesheets.ts(347,9): error TS2353: Object literal may only specify known properties, and 'shiftDate' does not exist in type '{ startTime: Date; employeeId: number; id?: number | undefined; createdAt?: Date | undefined; updatedAt?: Date | undefined; status?: string | undefined; createdBy?: number | ... 1 more ... | undefined; notes?: string | ... 1 more ... | undefined; endTime?: Date | ... 1 more ... | undefined; }'.
server/routers/timesheets.ts(386,9): error TS2353: Object literal may only specify known properties, and 'shiftDate' does not exist in type '{ startTime: Date; employeeId: number; id?: number | undefined; createdAt?: Date | undefined; updatedAt?: Date | undefined; status?: string | undefined; createdBy?: number | ... 1 more ... | undefined; notes?: string | ... 1 more ... | undefined; endTime?: Date | ... 1 more ... | undefined; }'.
server/services/csvImport.ts(137,15): error TS2353: Object literal may only specify known properties, and 'position' does not exist in type '{ firstName: string; lastName: string; id?: number | undefined; createdAt?: Date | undefined; updatedAt?: Date | undefined; userId?: number | null | undefined; employeeNumber?: string | ... 1 more ... | undefined; ... 4 more ...; active?: boolean | undefined; }'.
server/services/triggerEvaluation.ts(159,18): error TS2339: Property 'isActive' does not exist on type 'never'.
server/services/triggerEvaluation.ts(164,54): error TS2339: Property 'triggerCondition' does not exist on type 'never'.
server/services/triggerEvaluation.ts(170,63): error TS2339: Property 'templateId' does not exist on type 'never'.
server/services/triggerEvaluation.ts(175,19): error TS2339: Property 'isActive' does not exist on type 'never'.
server/services/triggerEvaluation.ts(180,50): error TS2339: Property 'subject' does not exist on type 'never'.
server/services/triggerEvaluation.ts(181,47): error TS2339: Property 'bodyText' does not exist on type 'never'.
server/services/triggerEvaluation.ts(184,52): error TS2339: Property 'eventType' does not exist on type 'never'.
server/services/triggerEvaluation.ts(193,38): error TS2339: Property 'channels' does not exist on type 'never'.
server/services/triggerEvaluation.ts(224,27): error TS2339: Property 'eventType' does not exist on type 'never'.
server/services/triggerEvaluation.ts(249,30): error TS2339: Property 'eventType' does not exist on type 'never'.
server/services/triggerEvaluation.ts(292,36): error TS2339: Property 'id' does not exist on type 'never'.
server/services/triggerEvaluation.ts(328,22): error TS2339: Property 'volume' does not exist on type '{ id: number; projectId: number; recipeId: number; batchId: number | null; ticketNumber: string | null; truckNumber: string | null; driverId: number | null; status: string; scheduledTime: Date; ... 8 more ...; updatedAt: Date; }'.
server/services/triggerEvaluation.ts(339,18): error TS2339: Property 'result' does not exist on type '{ id: number; deliveryId: number | null; projectId: number | null; testType: string; resultValue: string | null; status: string; testedBy: number | null; testedAt: Date; photos: string | null; ... 6 more ...; updatedAt: Date; }'.
server/services/triggerEvaluation.ts(353,24): error TS2339: Property 'assignedTo' does not exist on type '{ id: number; title: string; description: string | null; status: string; priority: string | null; dueDate: Date | null; projectId: number | null; createdBy: number; createdAt: Date; updatedAt: Date; }'.
